------------------------------------------------------------
TimeQuest Timing Analyzer Summary
------------------------------------------------------------

Type  : Slow 1200mV 85C Model Setup 'updateCLK:clk_updateCLK|update'
Slack : -6.662
TNS   : -327.913

Type  : Slow 1200mV 85C Model Setup 'clk_reduce:reduce|VGA_clk'
Slack : -6.328
TNS   : -445.404

Type  : Slow 1200mV 85C Model Setup 'KB_clk'
Slack : -5.799
TNS   : -185.516

Type  : Slow 1200mV 85C Model Setup 'clk'
Slack : -3.493
TNS   : -41.556

Type  : Slow 1200mV 85C Model Hold 'clk'
Slack : 0.390
TNS   : 0.000

Type  : Slow 1200mV 85C Model Hold 'clk_reduce:reduce|VGA_clk'
Slack : 0.402
TNS   : 0.000

Type  : Slow 1200mV 85C Model Hold 'KB_clk'
Slack : 0.440
TNS   : 0.000

Type  : Slow 1200mV 85C Model Hold 'updateCLK:clk_updateCLK|update'
Slack : 0.623
TNS   : 0.000

Type  : Slow 1200mV 85C Model Minimum Pulse Width 'KB_clk'
Slack : -3.000
TNS   : -74.960

Type  : Slow 1200mV 85C Model Minimum Pulse Width 'clk'
Slack : -3.000
TNS   : -35.125

Type  : Slow 1200mV 85C Model Minimum Pulse Width 'updateCLK:clk_updateCLK|update'
Slack : -1.285
TNS   : -391.925

Type  : Slow 1200mV 85C Model Minimum Pulse Width 'clk_reduce:reduce|VGA_clk'
Slack : -1.285
TNS   : -118.220

Type  : Slow 1200mV 0C Model Setup 'updateCLK:clk_updateCLK|update'
Slack : -5.932
TNS   : -272.608

Type  : Slow 1200mV 0C Model Setup 'clk_reduce:reduce|VGA_clk'
Slack : -5.642
TNS   : -396.021

Type  : Slow 1200mV 0C Model Setup 'KB_clk'
Slack : -5.175
TNS   : -162.597

Type  : Slow 1200mV 0C Model Setup 'clk'
Slack : -3.167
TNS   : -35.518

Type  : Slow 1200mV 0C Model Hold 'clk'
Slack : 0.348
TNS   : 0.000

Type  : Slow 1200mV 0C Model Hold 'clk_reduce:reduce|VGA_clk'
Slack : 0.353
TNS   : 0.000

Type  : Slow 1200mV 0C Model Hold 'KB_clk'
Slack : 0.387
TNS   : 0.000

Type  : Slow 1200mV 0C Model Hold 'updateCLK:clk_updateCLK|update'
Slack : 0.567
TNS   : 0.000

Type  : Slow 1200mV 0C Model Minimum Pulse Width 'KB_clk'
Slack : -3.000
TNS   : -74.960

Type  : Slow 1200mV 0C Model Minimum Pulse Width 'clk'
Slack : -3.000
TNS   : -35.125

Type  : Slow 1200mV 0C Model Minimum Pulse Width 'updateCLK:clk_updateCLK|update'
Slack : -1.285
TNS   : -391.925

Type  : Slow 1200mV 0C Model Minimum Pulse Width 'clk_reduce:reduce|VGA_clk'
Slack : -1.285
TNS   : -118.220

Type  : Fast 1200mV 0C Model Setup 'updateCLK:clk_updateCLK|update'
Slack : -2.758
TNS   : -51.307

Type  : Fast 1200mV 0C Model Setup 'clk_reduce:reduce|VGA_clk'
Slack : -2.560
TNS   : -169.665

Type  : Fast 1200mV 0C Model Setup 'KB_clk'
Slack : -2.252
TNS   : -60.763

Type  : Fast 1200mV 0C Model Setup 'clk'
Slack : -1.206
TNS   : -8.756

Type  : Fast 1200mV 0C Model Hold 'clk'
Slack : 0.180
TNS   : 0.000

Type  : Fast 1200mV 0C Model Hold 'clk_reduce:reduce|VGA_clk'
Slack : 0.182
TNS   : 0.000

Type  : Fast 1200mV 0C Model Hold 'KB_clk'
Slack : 0.199
TNS   : 0.000

Type  : Fast 1200mV 0C Model Hold 'updateCLK:clk_updateCLK|update'
Slack : 0.273
TNS   : 0.000

Type  : Fast 1200mV 0C Model Minimum Pulse Width 'KB_clk'
Slack : -3.000
TNS   : -83.615

Type  : Fast 1200mV 0C Model Minimum Pulse Width 'clk'
Slack : -3.000
TNS   : -35.319

Type  : Fast 1200mV 0C Model Minimum Pulse Width 'updateCLK:clk_updateCLK|update'
Slack : -1.000
TNS   : -305.000

Type  : Fast 1200mV 0C Model Minimum Pulse Width 'clk_reduce:reduce|VGA_clk'
Slack : -1.000
TNS   : -92.000

------------------------------------------------------------
